Analysis & Synthesis report for DE0_NANO
Thu Oct 19 21:18:35 2017
Quartus II 64-Bit Version 15.0.0 Build 145 04/22/2015 SJ Web Edition


---------------------
; Table of Contents ;
---------------------
  1. Legal Notice
  2. Analysis & Synthesis Summary
  3. Analysis & Synthesis Settings
  4. Parallel Compilation
  5. Analysis & Synthesis Source Files Read
  6. Analysis & Synthesis Resource Usage Summary
  7. Analysis & Synthesis Resource Utilization by Entity
  8. Registers Removed During Synthesis
  9. General Register Statistics
 10. Multiplexer Restructuring Statistics (Restructuring Performed)
 11. Parameter Settings for Inferred Entity Instance: MAZE_MAPPER:comb_3|lpm_divide:Div1
 12. Parameter Settings for Inferred Entity Instance: MAZE_MAPPER:comb_3|lpm_divide:Div0
 13. Post-Synthesis Netlist Statistics for Top Partition
 14. Elapsed Time Per Partition
 15. Analysis & Synthesis Messages
 16. Analysis & Synthesis Suppressed Messages



----------------
; Legal Notice ;
----------------
Copyright (C) 1991-2015 Altera Corporation. All rights reserved.
Your use of Altera Corporation's design tools, logic functions 
and other software and tools, and its AMPP partner logic 
functions, and any output files from any of the foregoing 
(including device programming or simulation files), and any 
associated documentation or information are expressly subject 
to the terms and conditions of the Altera Program License 
Subscription Agreement, the Altera Quartus II License Agreement,
the Altera MegaCore Function License Agreement, or other 
applicable license agreement, including, without limitation, 
that your use is for the sole purpose of programming logic 
devices manufactured by Altera and sold by Altera or its 
authorized distributors.  Please refer to the applicable 
agreement for further details.



+---------------------------------------------------------------------------------+
; Analysis & Synthesis Summary                                                    ;
+------------------------------------+--------------------------------------------+
; Analysis & Synthesis Status        ; Successful - Thu Oct 19 21:18:35 2017      ;
; Quartus II 64-Bit Version          ; 15.0.0 Build 145 04/22/2015 SJ Web Edition ;
; Revision Name                      ; DE0_NANO                                   ;
; Top-level Entity Name              ; DE0_NANO                                   ;
; Family                             ; Cyclone IV E                               ;
; Total logic elements               ; 373                                        ;
;     Total combinational functions  ; 311                                        ;
;     Dedicated logic registers      ; 115                                        ;
; Total registers                    ; 115                                        ;
; Total pins                         ; 87                                         ;
; Total virtual pins                 ; 0                                          ;
; Total memory bits                  ; 0                                          ;
; Embedded Multiplier 9-bit elements ; 0                                          ;
; Total PLLs                         ; 0                                          ;
+------------------------------------+--------------------------------------------+


+----------------------------------------------------------------------------------------------------------------------+
; Analysis & Synthesis Settings                                                                                        ;
+----------------------------------------------------------------------------+--------------------+--------------------+
; Option                                                                     ; Setting            ; Default Value      ;
+----------------------------------------------------------------------------+--------------------+--------------------+
; Device                                                                     ; EP4CE22F17C6       ;                    ;
; Top-level entity name                                                      ; DE0_NANO           ; DE0_NANO           ;
; Family name                                                                ; Cyclone IV E       ; Cyclone IV GX      ;
; Use smart compilation                                                      ; Off                ; Off                ;
; Enable parallel Assembler and TimeQuest Timing Analyzer during compilation ; On                 ; On                 ;
; Enable compact report table                                                ; Off                ; Off                ;
; Restructure Multiplexers                                                   ; Auto               ; Auto               ;
; Create Debugging Nodes for IP Cores                                        ; Off                ; Off                ;
; Preserve fewer node names                                                  ; On                 ; On                 ;
; Disable OpenCore Plus hardware evaluation                                  ; Off                ; Off                ;
; Verilog Version                                                            ; Verilog_2001       ; Verilog_2001       ;
; VHDL Version                                                               ; VHDL_1993          ; VHDL_1993          ;
; State Machine Processing                                                   ; Auto               ; Auto               ;
; Safe State Machine                                                         ; Off                ; Off                ;
; Extract Verilog State Machines                                             ; On                 ; On                 ;
; Extract VHDL State Machines                                                ; On                 ; On                 ;
; Ignore Verilog initial constructs                                          ; Off                ; Off                ;
; Iteration limit for constant Verilog loops                                 ; 5000               ; 5000               ;
; Iteration limit for non-constant Verilog loops                             ; 250                ; 250                ;
; Add Pass-Through Logic to Inferred RAMs                                    ; On                 ; On                 ;
; Infer RAMs from Raw Logic                                                  ; On                 ; On                 ;
; Parallel Synthesis                                                         ; On                 ; On                 ;
; DSP Block Balancing                                                        ; Auto               ; Auto               ;
; NOT Gate Push-Back                                                         ; On                 ; On                 ;
; Power-Up Don't Care                                                        ; On                 ; On                 ;
; Remove Redundant Logic Cells                                               ; Off                ; Off                ;
; Remove Duplicate Registers                                                 ; On                 ; On                 ;
; Ignore CARRY Buffers                                                       ; Off                ; Off                ;
; Ignore CASCADE Buffers                                                     ; Off                ; Off                ;
; Ignore GLOBAL Buffers                                                      ; Off                ; Off                ;
; Ignore ROW GLOBAL Buffers                                                  ; Off                ; Off                ;
; Ignore LCELL Buffers                                                       ; Off                ; Off                ;
; Ignore SOFT Buffers                                                        ; On                 ; On                 ;
; Limit AHDL Integers to 32 Bits                                             ; Off                ; Off                ;
; Optimization Technique                                                     ; Balanced           ; Balanced           ;
; Carry Chain Length                                                         ; 70                 ; 70                 ;
; Auto Carry Chains                                                          ; On                 ; On                 ;
; Auto Open-Drain Pins                                                       ; On                 ; On                 ;
; Perform WYSIWYG Primitive Resynthesis                                      ; Off                ; Off                ;
; Auto ROM Replacement                                                       ; On                 ; On                 ;
; Auto RAM Replacement                                                       ; On                 ; On                 ;
; Auto DSP Block Replacement                                                 ; On                 ; On                 ;
; Auto Shift Register Replacement                                            ; Auto               ; Auto               ;
; Allow Shift Register Merging across Hierarchies                            ; Auto               ; Auto               ;
; Auto Clock Enable Replacement                                              ; On                 ; On                 ;
; Strict RAM Replacement                                                     ; Off                ; Off                ;
; Allow Synchronous Control Signals                                          ; On                 ; On                 ;
; Force Use of Synchronous Clear Signals                                     ; Off                ; Off                ;
; Auto RAM Block Balancing                                                   ; On                 ; On                 ;
; Auto RAM to Logic Cell Conversion                                          ; Off                ; Off                ;
; Auto Resource Sharing                                                      ; Off                ; Off                ;
; Allow Any RAM Size For Recognition                                         ; Off                ; Off                ;
; Allow Any ROM Size For Recognition                                         ; Off                ; Off                ;
; Allow Any Shift Register Size For Recognition                              ; Off                ; Off                ;
; Use LogicLock Constraints during Resource Balancing                        ; On                 ; On                 ;
; Ignore translate_off and synthesis_off directives                          ; Off                ; Off                ;
; Timing-Driven Synthesis                                                    ; On                 ; On                 ;
; Report Parameter Settings                                                  ; On                 ; On                 ;
; Report Source Assignments                                                  ; On                 ; On                 ;
; Report Connectivity Checks                                                 ; On                 ; On                 ;
; Ignore Maximum Fan-Out Assignments                                         ; Off                ; Off                ;
; Synchronization Register Chain Length                                      ; 2                  ; 2                  ;
; PowerPlay Power Optimization During Synthesis                              ; Normal compilation ; Normal compilation ;
; HDL message level                                                          ; Level2             ; Level2             ;
; Suppress Register Optimization Related Messages                            ; Off                ; Off                ;
; Number of Removed Registers Reported in Synthesis Report                   ; 5000               ; 5000               ;
; Number of Swept Nodes Reported in Synthesis Report                         ; 5000               ; 5000               ;
; Number of Inverted Registers Reported in Synthesis Report                  ; 100                ; 100                ;
; Clock MUX Protection                                                       ; On                 ; On                 ;
; Auto Gated Clock Conversion                                                ; Off                ; Off                ;
; Block Design Naming                                                        ; Auto               ; Auto               ;
; SDC constraint protection                                                  ; Off                ; Off                ;
; Synthesis Effort                                                           ; Auto               ; Auto               ;
; Shift Register Replacement - Allow Asynchronous Clear Signal               ; On                 ; On                 ;
; Pre-Mapping Resynthesis Optimization                                       ; Off                ; Off                ;
; Analysis & Synthesis Message Level                                         ; Medium             ; Medium             ;
; Disable Register Merging Across Hierarchies                                ; Auto               ; Auto               ;
; Resource Aware Inference For Block RAM                                     ; On                 ; On                 ;
; Synthesis Seed                                                             ; 1                  ; 1                  ;
+----------------------------------------------------------------------------+--------------------+--------------------+


+------------------------------------------+
; Parallel Compilation                     ;
+----------------------------+-------------+
; Processors                 ; Number      ;
+----------------------------+-------------+
; Number detected on machine ; 4           ;
; Maximum allowed            ; 2           ;
;                            ;             ;
; Average used               ; 1.00        ;
; Maximum used               ; 1           ;
;                            ;             ;
; Usage by Processor         ; % Time Used ;
;     Processor 1            ; 100.0%      ;
;     Processors 2-4         ;   0.0%      ;
+----------------------------+-------------+


+----------------------------------------------------------------------------------------------------------------------------------------------------------------------------------+
; Analysis & Synthesis Source Files Read                                                                                                                                           ;
+----------------------------------+-----------------+------------------------------+------------------------------------------------------------------------------------+---------+
; File Name with User-Entered Path ; Used in Netlist ; File Type                    ; File Name with Absolute Path                                                       ; Library ;
+----------------------------------+-----------------+------------------------------+------------------------------------------------------------------------------------+---------+
; VGA_DRIVER.v                     ; yes             ; User Verilog HDL File        ; C:/Users/gcfla/OneDrive/_ECE 3400/code/verilog/vga_team/VGA_DRIVER.v               ;         ;
; DE0_NANO.v                       ; yes             ; User Verilog HDL File        ; C:/Users/gcfla/OneDrive/_ECE 3400/code/verilog/vga_team/DE0_NANO.v                 ;         ;
; MAZE_MAPPER.v                    ; yes             ; User Verilog HDL File        ; C:/Users/gcfla/OneDrive/_ECE 3400/code/verilog/vga_team/MAZE_MAPPER.v              ;         ;
; SPI_SLAVE.v                      ; yes             ; User Verilog HDL File        ; C:/Users/gcfla/OneDrive/_ECE 3400/code/verilog/vga_team/SPI_SLAVE.v                ;         ;
; lpm_divide.tdf                   ; yes             ; Megafunction                 ; c:/altera/15.0/quartus/libraries/megafunctions/lpm_divide.tdf                      ;         ;
; abs_divider.inc                  ; yes             ; Megafunction                 ; c:/altera/15.0/quartus/libraries/megafunctions/abs_divider.inc                     ;         ;
; sign_div_unsign.inc              ; yes             ; Megafunction                 ; c:/altera/15.0/quartus/libraries/megafunctions/sign_div_unsign.inc                 ;         ;
; aglobal150.inc                   ; yes             ; Megafunction                 ; c:/altera/15.0/quartus/libraries/megafunctions/aglobal150.inc                      ;         ;
; db/lpm_divide_vim.tdf            ; yes             ; Auto-Generated Megafunction  ; C:/Users/gcfla/OneDrive/_ECE 3400/code/verilog/vga_team/db/lpm_divide_vim.tdf      ;         ;
; db/sign_div_unsign_nlh.tdf       ; yes             ; Auto-Generated Megafunction  ; C:/Users/gcfla/OneDrive/_ECE 3400/code/verilog/vga_team/db/sign_div_unsign_nlh.tdf ;         ;
; db/alt_u_div_27f.tdf             ; yes             ; Auto-Generated Megafunction  ; C:/Users/gcfla/OneDrive/_ECE 3400/code/verilog/vga_team/db/alt_u_div_27f.tdf       ;         ;
; db/add_sub_7pc.tdf               ; yes             ; Auto-Generated Megafunction  ; C:/Users/gcfla/OneDrive/_ECE 3400/code/verilog/vga_team/db/add_sub_7pc.tdf         ;         ;
; db/add_sub_8pc.tdf               ; yes             ; Auto-Generated Megafunction  ; C:/Users/gcfla/OneDrive/_ECE 3400/code/verilog/vga_team/db/add_sub_8pc.tdf         ;         ;
+----------------------------------+-----------------+------------------------------+------------------------------------------------------------------------------------+---------+


+--------------------------------------------------------+
; Analysis & Synthesis Resource Usage Summary            ;
+---------------------------------------------+----------+
; Resource                                    ; Usage    ;
+---------------------------------------------+----------+
; Estimated Total logic elements              ; 373      ;
;                                             ;          ;
; Total combinational functions               ; 311      ;
; Logic element usage by number of LUT inputs ;          ;
;     -- 4 input functions                    ; 98       ;
;     -- 3 input functions                    ; 60       ;
;     -- <=2 input functions                  ; 153      ;
;                                             ;          ;
; Logic elements by mode                      ;          ;
;     -- normal mode                          ; 209      ;
;     -- arithmetic mode                      ; 102      ;
;                                             ;          ;
; Total registers                             ; 115      ;
;     -- Dedicated logic registers            ; 115      ;
;     -- I/O registers                        ; 0        ;
;                                             ;          ;
; I/O pins                                    ; 87       ;
;                                             ;          ;
; Embedded Multiplier 9-bit elements          ; 0        ;
;                                             ;          ;
; Maximum fan-out node                        ; CLOCK_25 ;
; Maximum fan-out                             ; 115      ;
; Total fan-out                               ; 1335     ;
; Average fan-out                             ; 2.00     ;
+---------------------------------------------+----------+


+-----------------------------------------------------------------------------------------------------------------------------------------------------------------------------------------------------------------------------------------------------------------------------------------------------+
; Analysis & Synthesis Resource Utilization by Entity                                                                                                                                                                                                                                                 ;
+-------------------------------------------+-------------------+--------------+-------------+--------------+---------+-----------+------+--------------+------------------------------------------------------------------------------------------------------------------------------+--------------+
; Compilation Hierarchy Node                ; LC Combinationals ; LC Registers ; Memory Bits ; DSP Elements ; DSP 9x9 ; DSP 18x18 ; Pins ; Virtual Pins ; Full Hierarchy Name                                                                                                          ; Library Name ;
+-------------------------------------------+-------------------+--------------+-------------+--------------+---------+-----------+------+--------------+------------------------------------------------------------------------------------------------------------------------------+--------------+
; |DE0_NANO                                 ; 311 (48)          ; 115 (27)     ; 0           ; 0            ; 0       ; 0         ; 87   ; 0            ; |DE0_NANO                                                                                                                    ; work         ;
;    |MAZE_MAPPER:comb_3|                   ; 210 (72)          ; 40 (40)      ; 0           ; 0            ; 0       ; 0         ; 0    ; 0            ; |DE0_NANO|MAZE_MAPPER:comb_3                                                                                                 ; work         ;
;       |lpm_divide:Div0|                   ; 69 (0)            ; 0 (0)        ; 0           ; 0            ; 0       ; 0         ; 0    ; 0            ; |DE0_NANO|MAZE_MAPPER:comb_3|lpm_divide:Div0                                                                                 ; work         ;
;          |lpm_divide_vim:auto_generated|  ; 69 (0)            ; 0 (0)        ; 0           ; 0            ; 0       ; 0         ; 0    ; 0            ; |DE0_NANO|MAZE_MAPPER:comb_3|lpm_divide:Div0|lpm_divide_vim:auto_generated                                                   ; work         ;
;             |sign_div_unsign_nlh:divider| ; 69 (0)            ; 0 (0)        ; 0           ; 0            ; 0       ; 0         ; 0    ; 0            ; |DE0_NANO|MAZE_MAPPER:comb_3|lpm_divide:Div0|lpm_divide_vim:auto_generated|sign_div_unsign_nlh:divider                       ; work         ;
;                |alt_u_div_27f:divider|    ; 69 (69)           ; 0 (0)        ; 0           ; 0            ; 0       ; 0         ; 0    ; 0            ; |DE0_NANO|MAZE_MAPPER:comb_3|lpm_divide:Div0|lpm_divide_vim:auto_generated|sign_div_unsign_nlh:divider|alt_u_div_27f:divider ; work         ;
;       |lpm_divide:Div1|                   ; 69 (0)            ; 0 (0)        ; 0           ; 0            ; 0       ; 0         ; 0    ; 0            ; |DE0_NANO|MAZE_MAPPER:comb_3|lpm_divide:Div1                                                                                 ; work         ;
;          |lpm_divide_vim:auto_generated|  ; 69 (0)            ; 0 (0)        ; 0           ; 0            ; 0       ; 0         ; 0    ; 0            ; |DE0_NANO|MAZE_MAPPER:comb_3|lpm_divide:Div1|lpm_divide_vim:auto_generated                                                   ; work         ;
;             |sign_div_unsign_nlh:divider| ; 69 (0)            ; 0 (0)        ; 0           ; 0            ; 0       ; 0         ; 0    ; 0            ; |DE0_NANO|MAZE_MAPPER:comb_3|lpm_divide:Div1|lpm_divide_vim:auto_generated|sign_div_unsign_nlh:divider                       ; work         ;
;                |alt_u_div_27f:divider|    ; 69 (69)           ; 0 (0)        ; 0           ; 0            ; 0       ; 0         ; 0    ; 0            ; |DE0_NANO|MAZE_MAPPER:comb_3|lpm_divide:Div1|lpm_divide_vim:auto_generated|sign_div_unsign_nlh:divider|alt_u_div_27f:divider ; work         ;
;    |SPI_SLAVE:comb_4|                     ; 15 (15)           ; 28 (28)      ; 0           ; 0            ; 0       ; 0         ; 0    ; 0            ; |DE0_NANO|SPI_SLAVE:comb_4                                                                                                   ; work         ;
;    |VGA_DRIVER:driver|                    ; 38 (38)           ; 20 (20)      ; 0           ; 0            ; 0       ; 0         ; 0    ; 0            ; |DE0_NANO|VGA_DRIVER:driver                                                                                                  ; work         ;
+-------------------------------------------+-------------------+--------------+-------------+--------------+---------+-----------+------+--------------+------------------------------------------------------------------------------------------------------------------------------+--------------+
Note: For table entries with two numbers listed, the numbers in parentheses indicate the number of resources of the given type used by the specific entity alone. The numbers listed outside of parentheses indicate the total resources of the given type used by the specific entity and all of its sub-entities in the hierarchy.


+--------------------------------------------------------------+
; Registers Removed During Synthesis                           ;
+-----------------------------------------+--------------------+
; Register name                           ; Reason for Removal ;
+-----------------------------------------+--------------------+
; MAZE_MAPPER:comb_3|grid_array~0         ; Lost fanout        ;
; MAZE_MAPPER:comb_3|grid_array~3         ; Lost fanout        ;
; MAZE_MAPPER:comb_3|grid_array~4         ; Lost fanout        ;
; MAZE_MAPPER:comb_3|grid_array~5         ; Lost fanout        ;
; MAZE_MAPPER:comb_3|grid_array~6         ; Lost fanout        ;
; MAZE_MAPPER:comb_3|grid_array~7         ; Lost fanout        ;
; MAZE_MAPPER:comb_3|grid_array~8         ; Lost fanout        ;
; MAZE_MAPPER:comb_3|grid_array~11        ; Lost fanout        ;
; MAZE_MAPPER:comb_3|grid_array~12        ; Lost fanout        ;
; MAZE_MAPPER:comb_3|grid_array~13        ; Lost fanout        ;
; MAZE_MAPPER:comb_3|grid_array~14        ; Lost fanout        ;
; MAZE_MAPPER:comb_3|grid_array~15        ; Lost fanout        ;
; MAZE_MAPPER:comb_3|grid_array~16        ; Lost fanout        ;
; MAZE_MAPPER:comb_3|grid_array~19        ; Lost fanout        ;
; MAZE_MAPPER:comb_3|grid_array~20        ; Lost fanout        ;
; MAZE_MAPPER:comb_3|grid_array~21        ; Lost fanout        ;
; MAZE_MAPPER:comb_3|grid_array~22        ; Lost fanout        ;
; MAZE_MAPPER:comb_3|grid_array~23        ; Lost fanout        ;
; MAZE_MAPPER:comb_3|grid_array~24        ; Lost fanout        ;
; MAZE_MAPPER:comb_3|grid_array~27        ; Lost fanout        ;
; MAZE_MAPPER:comb_3|grid_array~28        ; Lost fanout        ;
; MAZE_MAPPER:comb_3|grid_array~29        ; Lost fanout        ;
; MAZE_MAPPER:comb_3|grid_array~30        ; Lost fanout        ;
; MAZE_MAPPER:comb_3|grid_array~31        ; Lost fanout        ;
; MAZE_MAPPER:comb_3|grid_array~32        ; Lost fanout        ;
; MAZE_MAPPER:comb_3|grid_array~35        ; Lost fanout        ;
; MAZE_MAPPER:comb_3|grid_array~36        ; Lost fanout        ;
; MAZE_MAPPER:comb_3|grid_array~37        ; Lost fanout        ;
; MAZE_MAPPER:comb_3|grid_array~38        ; Lost fanout        ;
; MAZE_MAPPER:comb_3|grid_array~39        ; Lost fanout        ;
; MAZE_MAPPER:comb_3|grid_array~40        ; Lost fanout        ;
; MAZE_MAPPER:comb_3|grid_array~43        ; Lost fanout        ;
; MAZE_MAPPER:comb_3|grid_array~44        ; Lost fanout        ;
; MAZE_MAPPER:comb_3|grid_array~45        ; Lost fanout        ;
; MAZE_MAPPER:comb_3|grid_array~46        ; Lost fanout        ;
; MAZE_MAPPER:comb_3|grid_array~47        ; Lost fanout        ;
; MAZE_MAPPER:comb_3|grid_array~48        ; Lost fanout        ;
; MAZE_MAPPER:comb_3|grid_array~51        ; Lost fanout        ;
; MAZE_MAPPER:comb_3|grid_array~52        ; Lost fanout        ;
; MAZE_MAPPER:comb_3|grid_array~53        ; Lost fanout        ;
; MAZE_MAPPER:comb_3|grid_array~54        ; Lost fanout        ;
; MAZE_MAPPER:comb_3|grid_array~55        ; Lost fanout        ;
; MAZE_MAPPER:comb_3|grid_array~56        ; Lost fanout        ;
; MAZE_MAPPER:comb_3|grid_array~59        ; Lost fanout        ;
; MAZE_MAPPER:comb_3|grid_array~60        ; Lost fanout        ;
; MAZE_MAPPER:comb_3|grid_array~61        ; Lost fanout        ;
; MAZE_MAPPER:comb_3|grid_array~62        ; Lost fanout        ;
; MAZE_MAPPER:comb_3|grid_array~63        ; Lost fanout        ;
; MAZE_MAPPER:comb_3|grid_array~64        ; Lost fanout        ;
; MAZE_MAPPER:comb_3|grid_array~67        ; Lost fanout        ;
; MAZE_MAPPER:comb_3|grid_array~68        ; Lost fanout        ;
; MAZE_MAPPER:comb_3|grid_array~69        ; Lost fanout        ;
; MAZE_MAPPER:comb_3|grid_array~70        ; Lost fanout        ;
; MAZE_MAPPER:comb_3|grid_array~71        ; Lost fanout        ;
; MAZE_MAPPER:comb_3|grid_array~72        ; Lost fanout        ;
; MAZE_MAPPER:comb_3|grid_array~75        ; Lost fanout        ;
; MAZE_MAPPER:comb_3|grid_array~76        ; Lost fanout        ;
; MAZE_MAPPER:comb_3|grid_array~77        ; Lost fanout        ;
; MAZE_MAPPER:comb_3|grid_array~78        ; Lost fanout        ;
; MAZE_MAPPER:comb_3|grid_array~79        ; Lost fanout        ;
; MAZE_MAPPER:comb_3|grid_array~80        ; Lost fanout        ;
; MAZE_MAPPER:comb_3|grid_array~83        ; Lost fanout        ;
; MAZE_MAPPER:comb_3|grid_array~84        ; Lost fanout        ;
; MAZE_MAPPER:comb_3|grid_array~85        ; Lost fanout        ;
; MAZE_MAPPER:comb_3|grid_array~86        ; Lost fanout        ;
; MAZE_MAPPER:comb_3|grid_array~87        ; Lost fanout        ;
; MAZE_MAPPER:comb_3|grid_array~88        ; Lost fanout        ;
; MAZE_MAPPER:comb_3|grid_array~91        ; Lost fanout        ;
; MAZE_MAPPER:comb_3|grid_array~92        ; Lost fanout        ;
; MAZE_MAPPER:comb_3|grid_array~93        ; Lost fanout        ;
; MAZE_MAPPER:comb_3|grid_array~94        ; Lost fanout        ;
; MAZE_MAPPER:comb_3|grid_array~95        ; Lost fanout        ;
; MAZE_MAPPER:comb_3|grid_array~96        ; Lost fanout        ;
; MAZE_MAPPER:comb_3|grid_array~99        ; Lost fanout        ;
; MAZE_MAPPER:comb_3|grid_array~100       ; Lost fanout        ;
; MAZE_MAPPER:comb_3|grid_array~101       ; Lost fanout        ;
; MAZE_MAPPER:comb_3|grid_array~102       ; Lost fanout        ;
; MAZE_MAPPER:comb_3|grid_array~103       ; Lost fanout        ;
; MAZE_MAPPER:comb_3|grid_array~104       ; Lost fanout        ;
; MAZE_MAPPER:comb_3|grid_array~107       ; Lost fanout        ;
; MAZE_MAPPER:comb_3|grid_array~108       ; Lost fanout        ;
; MAZE_MAPPER:comb_3|grid_array~109       ; Lost fanout        ;
; MAZE_MAPPER:comb_3|grid_array~110       ; Lost fanout        ;
; MAZE_MAPPER:comb_3|grid_array~111       ; Lost fanout        ;
; MAZE_MAPPER:comb_3|grid_array~112       ; Lost fanout        ;
; MAZE_MAPPER:comb_3|grid_array~115       ; Lost fanout        ;
; MAZE_MAPPER:comb_3|grid_array~116       ; Lost fanout        ;
; MAZE_MAPPER:comb_3|grid_array~117       ; Lost fanout        ;
; MAZE_MAPPER:comb_3|grid_array~118       ; Lost fanout        ;
; MAZE_MAPPER:comb_3|grid_array~119       ; Lost fanout        ;
; MAZE_MAPPER:comb_3|grid_array~120       ; Lost fanout        ;
; MAZE_MAPPER:comb_3|grid_array~123       ; Lost fanout        ;
; MAZE_MAPPER:comb_3|grid_array~124       ; Lost fanout        ;
; MAZE_MAPPER:comb_3|grid_array~125       ; Lost fanout        ;
; MAZE_MAPPER:comb_3|grid_array~126       ; Lost fanout        ;
; MAZE_MAPPER:comb_3|grid_array~127       ; Lost fanout        ;
; MAZE_MAPPER:comb_3|grid_array~128       ; Lost fanout        ;
; MAZE_MAPPER:comb_3|grid_array~131       ; Lost fanout        ;
; MAZE_MAPPER:comb_3|grid_array~132       ; Lost fanout        ;
; MAZE_MAPPER:comb_3|grid_array~133       ; Lost fanout        ;
; MAZE_MAPPER:comb_3|grid_array~134       ; Lost fanout        ;
; MAZE_MAPPER:comb_3|grid_array~135       ; Lost fanout        ;
; MAZE_MAPPER:comb_3|grid_array~136       ; Lost fanout        ;
; MAZE_MAPPER:comb_3|grid_array~139       ; Lost fanout        ;
; MAZE_MAPPER:comb_3|grid_array~140       ; Lost fanout        ;
; MAZE_MAPPER:comb_3|grid_array~141       ; Lost fanout        ;
; MAZE_MAPPER:comb_3|grid_array~142       ; Lost fanout        ;
; MAZE_MAPPER:comb_3|grid_array~143       ; Lost fanout        ;
; MAZE_MAPPER:comb_3|grid_array~144       ; Lost fanout        ;
; MAZE_MAPPER:comb_3|grid_array~147       ; Lost fanout        ;
; MAZE_MAPPER:comb_3|grid_array~148       ; Lost fanout        ;
; MAZE_MAPPER:comb_3|grid_array~149       ; Lost fanout        ;
; MAZE_MAPPER:comb_3|grid_array~150       ; Lost fanout        ;
; MAZE_MAPPER:comb_3|grid_array~151       ; Lost fanout        ;
; MAZE_MAPPER:comb_3|grid_array~152       ; Lost fanout        ;
; MAZE_MAPPER:comb_3|grid_array~155       ; Lost fanout        ;
; MAZE_MAPPER:comb_3|grid_array~156       ; Lost fanout        ;
; MAZE_MAPPER:comb_3|grid_array~157       ; Lost fanout        ;
; MAZE_MAPPER:comb_3|grid_array~158       ; Lost fanout        ;
; MAZE_MAPPER:comb_3|grid_array~159       ; Lost fanout        ;
; Total Number of Removed Registers = 120 ;                    ;
+-----------------------------------------+--------------------+


+------------------------------------------------------+
; General Register Statistics                          ;
+----------------------------------------------+-------+
; Statistic                                    ; Value ;
+----------------------------------------------+-------+
; Total registers                              ; 115   ;
; Number of registers using Synchronous Clear  ; 20    ;
; Number of registers using Synchronous Load   ; 0     ;
; Number of registers using Asynchronous Clear ; 0     ;
; Number of registers using Asynchronous Load  ; 0     ;
; Number of registers using Clock Enable       ; 66    ;
; Number of registers using Preset             ; 0     ;
+----------------------------------------------+-------+


+--------------------------------------------------------------------------------------------------------------------------------------------------------------+
; Multiplexer Restructuring Statistics (Restructuring Performed)                                                                                               ;
+--------------------+-----------+---------------+----------------------+------------------------+------------+------------------------------------------------+
; Multiplexer Inputs ; Bus Width ; Baseline Area ; Area if Restructured ; Saving if Restructured ; Registered ; Example Multiplexer Output                     ;
+--------------------+-----------+---------------+----------------------+------------------------+------------+------------------------------------------------+
; 3:1                ; 10 bits   ; 20 LEs        ; 10 LEs               ; 10 LEs                 ; Yes        ; |DE0_NANO|VGA_DRIVER:driver|pixel_count[9]     ;
; 4:1                ; 10 bits   ; 20 LEs        ; 10 LEs               ; 10 LEs                 ; Yes        ; |DE0_NANO|VGA_DRIVER:driver|line_count[9]      ;
; 4:1                ; 2 bits    ; 4 LEs         ; 4 LEs                ; 0 LEs                  ; No         ; |DE0_NANO|VGA_DRIVER:driver|PIXEL_COLOR_OUT[2] ;
+--------------------+-----------+---------------+----------------------+------------------------+------------+------------------------------------------------+


+-------------------------------------------------------------------------------------+
; Parameter Settings for Inferred Entity Instance: MAZE_MAPPER:comb_3|lpm_divide:Div1 ;
+------------------------+----------------+-------------------------------------------+
; Parameter Name         ; Value          ; Type                                      ;
+------------------------+----------------+-------------------------------------------+
; LPM_WIDTHN             ; 10             ; Untyped                                   ;
; LPM_WIDTHD             ; 7              ; Untyped                                   ;
; LPM_NREPRESENTATION    ; UNSIGNED       ; Untyped                                   ;
; LPM_DREPRESENTATION    ; UNSIGNED       ; Untyped                                   ;
; LPM_PIPELINE           ; 0              ; Untyped                                   ;
; LPM_REMAINDERPOSITIVE  ; TRUE           ; Untyped                                   ;
; MAXIMIZE_SPEED         ; 5              ; Untyped                                   ;
; CBXI_PARAMETER         ; lpm_divide_vim ; Untyped                                   ;
; CARRY_CHAIN            ; MANUAL         ; Untyped                                   ;
; OPTIMIZE_FOR_SPEED     ; 5              ; Untyped                                   ;
; AUTO_CARRY_CHAINS      ; ON             ; AUTO_CARRY                                ;
; IGNORE_CARRY_BUFFERS   ; OFF            ; IGNORE_CARRY                              ;
; AUTO_CASCADE_CHAINS    ; ON             ; AUTO_CASCADE                              ;
; IGNORE_CASCADE_BUFFERS ; OFF            ; IGNORE_CASCADE                            ;
+------------------------+----------------+-------------------------------------------+
Note: In order to hide this table in the UI and the text report file, please set the "Show Parameter Settings in Synthesis Report" option in "Analysis and Synthesis Settings -> More Settings" to "Off".


+-------------------------------------------------------------------------------------+
; Parameter Settings for Inferred Entity Instance: MAZE_MAPPER:comb_3|lpm_divide:Div0 ;
+------------------------+----------------+-------------------------------------------+
; Parameter Name         ; Value          ; Type                                      ;
+------------------------+----------------+-------------------------------------------+
; LPM_WIDTHN             ; 10             ; Untyped                                   ;
; LPM_WIDTHD             ; 7              ; Untyped                                   ;
; LPM_NREPRESENTATION    ; UNSIGNED       ; Untyped                                   ;
; LPM_DREPRESENTATION    ; UNSIGNED       ; Untyped                                   ;
; LPM_PIPELINE           ; 0              ; Untyped                                   ;
; LPM_REMAINDERPOSITIVE  ; TRUE           ; Untyped                                   ;
; MAXIMIZE_SPEED         ; 5              ; Untyped                                   ;
; CBXI_PARAMETER         ; lpm_divide_vim ; Untyped                                   ;
; CARRY_CHAIN            ; MANUAL         ; Untyped                                   ;
; OPTIMIZE_FOR_SPEED     ; 5              ; Untyped                                   ;
; AUTO_CARRY_CHAINS      ; ON             ; AUTO_CARRY                                ;
; IGNORE_CARRY_BUFFERS   ; OFF            ; IGNORE_CARRY                              ;
; AUTO_CASCADE_CHAINS    ; ON             ; AUTO_CASCADE                              ;
; IGNORE_CASCADE_BUFFERS ; OFF            ; IGNORE_CASCADE                            ;
+------------------------+----------------+-------------------------------------------+
Note: In order to hide this table in the UI and the text report file, please set the "Show Parameter Settings in Synthesis Report" option in "Analysis and Synthesis Settings -> More Settings" to "Off".


+-----------------------------------------------------+
; Post-Synthesis Netlist Statistics for Top Partition ;
+-----------------------+-----------------------------+
; Type                  ; Count                       ;
+-----------------------+-----------------------------+
; boundary_port         ; 87                          ;
; cycloneiii_ff         ; 115                         ;
;     ENA               ; 56                          ;
;     ENA SCLR          ; 10                          ;
;     SCLR              ; 10                          ;
;     plain             ; 39                          ;
; cycloneiii_io_obuf    ; 68                          ;
; cycloneiii_lcell_comb ; 312                         ;
;     arith             ; 102                         ;
;         2 data inputs ; 56                          ;
;         3 data inputs ; 46                          ;
;     normal            ; 210                         ;
;         0 data inputs ; 10                          ;
;         1 data inputs ; 7                           ;
;         2 data inputs ; 81                          ;
;         3 data inputs ; 14                          ;
;         4 data inputs ; 98                          ;
;                       ;                             ;
; Max LUT depth         ; 17.40                       ;
; Average LUT depth     ; 8.20                        ;
+-----------------------+-----------------------------+


+-------------------------------+
; Elapsed Time Per Partition    ;
+----------------+--------------+
; Partition Name ; Elapsed Time ;
+----------------+--------------+
; Top            ; 00:00:01     ;
+----------------+--------------+


+-------------------------------+
; Analysis & Synthesis Messages ;
+-------------------------------+
Info: *******************************************************************
Info: Running Quartus II 64-Bit Analysis & Synthesis
    Info: Version 15.0.0 Build 145 04/22/2015 SJ Web Edition
    Info: Processing started: Thu Oct 19 21:18:21 2017
Info: Command: quartus_map --read_settings_files=on --write_settings_files=off DE0_NANO -c DE0_NANO
Warning (125092): Tcl Script File DE_NANO_SOPC.qip not found
    Info (125063): set_global_assignment -name QIP_FILE DE_NANO_SOPC.qip
Info (11104): Parallel Compilation has detected 4 hyper-threaded processors. However, the extra hyper-threaded processors will not be used by default. Parallel Compilation will use 2 of the 2 physical processors detected instead.
Info (12021): Found 1 design units, including 1 entities, in source file vga_driver.v
    Info (12023): Found entity 1: VGA_DRIVER
Warning (10238): Verilog Module Declaration warning at DE0_NANO.v(32): ignored anonymous port(s) indicated by duplicate or dangling comma(s) in the port list for module "DE0_NANO"
Info (12021): Found 1 design units, including 1 entities, in source file de0_nano.v
    Info (12023): Found entity 1: DE0_NANO
Info (12021): Found 1 design units, including 1 entities, in source file maze_mapper.v
    Info (12023): Found entity 1: MAZE_MAPPER
Info (12021): Found 1 design units, including 1 entities, in source file spi_slave.v
    Info (12023): Found entity 1: SPI_SLAVE
Critical Warning (10846): Verilog HDL Instantiation warning at DE0_NANO.v(102): instance has no name
Critical Warning (10846): Verilog HDL Instantiation warning at DE0_NANO.v(112): instance has no name
Info (12127): Elaborating entity "DE0_NANO" for the top level hierarchy
Warning (10034): Output port "LED[7..1]" at DE0_NANO.v(48) has no driver
Info (12128): Elaborating entity "VGA_DRIVER" for hierarchy "VGA_DRIVER:driver"
Warning (10230): Verilog HDL assignment warning at VGA_DRIVER.v(71): truncated value with size 32 to match size of target (10)
Warning (10230): Verilog HDL assignment warning at VGA_DRIVER.v(75): truncated value with size 32 to match size of target (10)
Info (12128): Elaborating entity "MAZE_MAPPER" for hierarchy "MAZE_MAPPER:comb_3"
Info (12128): Elaborating entity "SPI_SLAVE" for hierarchy "SPI_SLAVE:comb_4"
Warning (10230): Verilog HDL assignment warning at SPI_SLAVE.v(44): truncated value with size 32 to match size of target (5)
Info (276014): Found 1 instances of uninferred RAM logic
    Info (276007): RAM logic "MAZE_MAPPER:comb_3|grid_array" is uninferred due to asynchronous read logic
Info (278001): Inferred 2 megafunctions from design logic
    Info (278004): Inferred divider/modulo megafunction ("lpm_divide") from the following logic: "MAZE_MAPPER:comb_3|Div1"
    Info (278004): Inferred divider/modulo megafunction ("lpm_divide") from the following logic: "MAZE_MAPPER:comb_3|Div0"
Info (12130): Elaborated megafunction instantiation "MAZE_MAPPER:comb_3|lpm_divide:Div1"
Info (12133): Instantiated megafunction "MAZE_MAPPER:comb_3|lpm_divide:Div1" with the following parameter:
    Info (12134): Parameter "LPM_WIDTHN" = "10"
    Info (12134): Parameter "LPM_WIDTHD" = "7"
    Info (12134): Parameter "LPM_NREPRESENTATION" = "UNSIGNED"
    Info (12134): Parameter "LPM_DREPRESENTATION" = "UNSIGNED"
Info (12021): Found 1 design units, including 1 entities, in source file db/lpm_divide_vim.tdf
    Info (12023): Found entity 1: lpm_divide_vim
Info (12021): Found 1 design units, including 1 entities, in source file db/sign_div_unsign_nlh.tdf
    Info (12023): Found entity 1: sign_div_unsign_nlh
Info (12021): Found 1 design units, including 1 entities, in source file db/alt_u_div_27f.tdf
    Info (12023): Found entity 1: alt_u_div_27f
Info (12021): Found 1 design units, including 1 entities, in source file db/add_sub_7pc.tdf
    Info (12023): Found entity 1: add_sub_7pc
Info (12021): Found 1 design units, including 1 entities, in source file db/add_sub_8pc.tdf
    Info (12023): Found entity 1: add_sub_8pc
Warning (13034): The following nodes have both tri-state and non-tri-state drivers
    Warning (13035): Inserted always-enabled tri-state buffer between "GPIO_0_D[5]" and its non-tri-state driver.
    Warning (13035): Inserted always-enabled tri-state buffer between "GPIO_0_D[7]" and its non-tri-state driver.
    Warning (13035): Inserted always-enabled tri-state buffer between "GPIO_0_D[9]" and its non-tri-state driver.
    Warning (13035): Inserted always-enabled tri-state buffer between "GPIO_0_D[11]" and its non-tri-state driver.
    Warning (13035): Inserted always-enabled tri-state buffer between "GPIO_0_D[13]" and its non-tri-state driver.
    Warning (13035): Inserted always-enabled tri-state buffer between "GPIO_0_D[15]" and its non-tri-state driver.
    Warning (13035): Inserted always-enabled tri-state buffer between "GPIO_0_D[17]" and its non-tri-state driver.
    Warning (13035): Inserted always-enabled tri-state buffer between "GPIO_0_D[19]" and its non-tri-state driver.
    Warning (13035): Inserted always-enabled tri-state buffer between "GPIO_0_D[21]" and its non-tri-state driver.
    Warning (13035): Inserted always-enabled tri-state buffer between "GPIO_0_D[23]" and its non-tri-state driver.
Warning (13039): The following bidirectional pins have no drivers
    Warning (13040): bidirectional pin "GPIO_0_D[0]" has no driver
    Warning (13040): bidirectional pin "GPIO_0_D[1]" has no driver
    Warning (13040): bidirectional pin "GPIO_0_D[2]" has no driver
    Warning (13040): bidirectional pin "GPIO_0_D[3]" has no driver
    Warning (13040): bidirectional pin "GPIO_0_D[4]" has no driver
    Warning (13040): bidirectional pin "GPIO_0_D[6]" has no driver
    Warning (13040): bidirectional pin "GPIO_0_D[8]" has no driver
    Warning (13040): bidirectional pin "GPIO_0_D[10]" has no driver
    Warning (13040): bidirectional pin "GPIO_0_D[12]" has no driver
    Warning (13040): bidirectional pin "GPIO_0_D[14]" has no driver
    Warning (13040): bidirectional pin "GPIO_0_D[16]" has no driver
    Warning (13040): bidirectional pin "GPIO_0_D[18]" has no driver
    Warning (13040): bidirectional pin "GPIO_0_D[20]" has no driver
    Warning (13040): bidirectional pin "GPIO_0_D[22]" has no driver
    Warning (13040): bidirectional pin "GPIO_0_D[24]" has no driver
    Warning (13040): bidirectional pin "GPIO_0_D[25]" has no driver
    Warning (13040): bidirectional pin "GPIO_0_D[26]" has no driver
    Warning (13040): bidirectional pin "GPIO_0_D[27]" has no driver
    Warning (13040): bidirectional pin "GPIO_0_D[28]" has no driver
    Warning (13040): bidirectional pin "GPIO_0_D[29]" has no driver
    Warning (13040): bidirectional pin "GPIO_0_D[30]" has no driver
    Warning (13040): bidirectional pin "GPIO_0_D[31]" has no driver
    Warning (13040): bidirectional pin "GPIO_0_D[32]" has no driver
    Warning (13040): bidirectional pin "GPIO_0_D[33]" has no driver
    Warning (13040): bidirectional pin "GPIO_1_D[0]" has no driver
    Warning (13040): bidirectional pin "GPIO_1_D[1]" has no driver
    Warning (13040): bidirectional pin "GPIO_1_D[2]" has no driver
    Warning (13040): bidirectional pin "GPIO_1_D[3]" has no driver
    Warning (13040): bidirectional pin "GPIO_1_D[4]" has no driver
    Warning (13040): bidirectional pin "GPIO_1_D[5]" has no driver
    Warning (13040): bidirectional pin "GPIO_1_D[6]" has no driver
    Warning (13040): bidirectional pin "GPIO_1_D[7]" has no driver
    Warning (13040): bidirectional pin "GPIO_1_D[8]" has no driver
    Warning (13040): bidirectional pin "GPIO_1_D[9]" has no driver
    Warning (13040): bidirectional pin "GPIO_1_D[10]" has no driver
    Warning (13040): bidirectional pin "GPIO_1_D[11]" has no driver
    Warning (13040): bidirectional pin "GPIO_1_D[12]" has no driver
    Warning (13040): bidirectional pin "GPIO_1_D[13]" has no driver
    Warning (13040): bidirectional pin "GPIO_1_D[14]" has no driver
    Warning (13040): bidirectional pin "GPIO_1_D[15]" has no driver
    Warning (13040): bidirectional pin "GPIO_1_D[16]" has no driver
    Warning (13040): bidirectional pin "GPIO_1_D[17]" has no driver
    Warning (13040): bidirectional pin "GPIO_1_D[18]" has no driver
    Warning (13040): bidirectional pin "GPIO_1_D[19]" has no driver
    Warning (13040): bidirectional pin "GPIO_1_D[20]" has no driver
    Warning (13040): bidirectional pin "GPIO_1_D[21]" has no driver
    Warning (13040): bidirectional pin "GPIO_1_D[22]" has no driver
    Warning (13040): bidirectional pin "GPIO_1_D[23]" has no driver
    Warning (13040): bidirectional pin "GPIO_1_D[24]" has no driver
    Warning (13040): bidirectional pin "GPIO_1_D[25]" has no driver
    Warning (13040): bidirectional pin "GPIO_1_D[26]" has no driver
    Warning (13040): bidirectional pin "GPIO_1_D[27]" has no driver
    Warning (13040): bidirectional pin "GPIO_1_D[28]" has no driver
    Warning (13040): bidirectional pin "GPIO_1_D[29]" has no driver
    Warning (13040): bidirectional pin "GPIO_1_D[30]" has no driver
    Warning (13040): bidirectional pin "GPIO_1_D[31]" has no driver
    Warning (13040): bidirectional pin "GPIO_1_D[32]" has no driver
    Warning (13040): bidirectional pin "GPIO_1_D[33]" has no driver
Warning (13009): TRI or OPNDRN buffers permanently enabled
    Warning (13010): Node "GPIO_0_D[5]~synth"
    Warning (13010): Node "GPIO_0_D[7]~synth"
    Warning (13010): Node "GPIO_0_D[9]~synth"
    Warning (13010): Node "GPIO_0_D[11]~synth"
    Warning (13010): Node "GPIO_0_D[13]~synth"
    Warning (13010): Node "GPIO_0_D[15]~synth"
    Warning (13010): Node "GPIO_0_D[17]~synth"
    Warning (13010): Node "GPIO_0_D[19]~synth"
    Warning (13010): Node "GPIO_0_D[21]~synth"
    Warning (13010): Node "GPIO_0_D[23]~synth"
Warning (13024): Output pins are stuck at VCC or GND
    Warning (13410): Pin "LED[1]" is stuck at GND
    Warning (13410): Pin "LED[2]" is stuck at GND
    Warning (13410): Pin "LED[3]" is stuck at GND
    Warning (13410): Pin "LED[4]" is stuck at GND
    Warning (13410): Pin "LED[5]" is stuck at GND
    Warning (13410): Pin "LED[6]" is stuck at GND
    Warning (13410): Pin "LED[7]" is stuck at GND
Info (286030): Timing-Driven Synthesis is running
Info (17049): 120 registers lost all their fanouts during netlist optimizations.
Info (144001): Generated suppressed messages file C:/Users/gcfla/OneDrive/_ECE 3400/code/verilog/vga_team/DE0_NANO.map.smsg
Info (16010): Generating hard_block partition "hard_block:auto_generated_inst"
    Info (16011): Adding 0 node(s), including 0 DDIO, 0 PLL, 0 transceiver and 0 LCELL
Warning (21074): Design contains 6 input pin(s) that do not drive logic
    Warning (15610): No output dependent on input pin "KEY[1]"
    Warning (15610): No output dependent on input pin "SW[0]"
    Warning (15610): No output dependent on input pin "SW[1]"
    Warning (15610): No output dependent on input pin "SW[2]"
    Warning (15610): No output dependent on input pin "SW[3]"
    Warning (15610): No output dependent on input pin "GPIO_0_IN[1]"
Info (21057): Implemented 460 device resources after synthesis - the final resource count might be different
    Info (21058): Implemented 11 input pins
    Info (21059): Implemented 8 output pins
    Info (21060): Implemented 68 bidirectional pins
    Info (21061): Implemented 373 logic cells
Info: Quartus II 64-Bit Analysis & Synthesis was successful. 0 errors, 104 warnings
    Info: Peak virtual memory: 701 megabytes
    Info: Processing ended: Thu Oct 19 21:18:35 2017
    Info: Elapsed time: 00:00:14
    Info: Total CPU time (on all processors): 00:00:32


+------------------------------------------+
; Analysis & Synthesis Suppressed Messages ;
+------------------------------------------+
The suppressed messages can be found in C:/Users/gcfla/OneDrive/_ECE 3400/code/verilog/vga_team/DE0_NANO.map.smsg.


